[     127ms] [INFO] %cDownload the React DevTools for a better development experience: https://react.dev/link/react-devtools font-weight:bold @ http://localhost:8080/node_modules/.vite/deps/react-dom_client.js?v=2dedb528:20100
[     236ms] [ERROR] Failed to load resource: the server responded with a status of 404 (Not Found) @ http://localhost:8080/favicon.ico:0
[     329ms] TypeError: Cannot read properties of undefined (reading 'find')
    at nextRainWindow (http://localhost:8080/src/modules/weather.ts:2:30)
    at WeatherWidget (http://localhost:8080/src/widgets/WeatherWidget.tsx?t=1780763133130:69:52)
    at Object.react_stack_bottom_frame (http://localhost:8080/node_modules/.vite/deps/react-dom_client.js?v=2dedb528:18507:20)
    at renderWithHooks (http://localhost:8080/node_modules/.vite/deps/react-dom_client.js?v=2dedb528:5652:24)
    at updateFunctionComponent (http://localhost:8080/node_modules/.vite/deps/react-dom_client.js?v=2dedb528:7473:21)
    at beginWork (http://localhost:8080/node_modules/.vite/deps/react-dom_client.js?v=2dedb528:8523:20)
    at runWithFiberInDEV (http://localhost:8080/node_modules/.vite/deps/react-dom_client.js?v=2dedb528:995:72)
    at performUnitOfWork (http://localhost:8080/node_modules/.vite/deps/react-dom_client.js?v=2dedb528:12559:98)
    at workLoopSync (http://localhost:8080/node_modules/.vite/deps/react-dom_client.js?v=2dedb528:12422:43)
    at renderRootSync (http://localhost:8080/node_modules/.vite/deps/react-dom_client.js?v=2dedb528:12406:13)
[     328ms] [WARNING] %s

%s
 An error occurred in the <WeatherWidget> component. Consider adding an error boundary to your tree to customize error handling behavior.
Visit https://react.dev/link/error-boundaries to learn more about error boundaries. @ http://localhost:8080/node_modules/.vite/deps/react-dom_client.js?v=2dedb528:6963
[  103072ms] TypeError: Cannot read properties of undefined (reading 'find')
    at nextRainWindow (http://localhost:8080/src/modules/weather.ts:2:30)
    at WeatherWidget (http://localhost:8080/src/widgets/WeatherWidget.tsx?t=1780763133130:69:52)
    at Object.react_stack_bottom_frame (http://localhost:8080/node_modules/.vite/deps/react-dom_client.js?v=2dedb528:18507:20)
    at renderWithHooks (http://localhost:8080/node_modules/.vite/deps/react-dom_client.js?v=2dedb528:5652:24)
    at updateFunctionComponent (http://localhost:8080/node_modules/.vite/deps/react-dom_client.js?v=2dedb528:7473:21)
    at beginWork (http://localhost:8080/node_modules/.vite/deps/react-dom_client.js?v=2dedb528:8523:20)
    at runWithFiberInDEV (http://localhost:8080/node_modules/.vite/deps/react-dom_client.js?v=2dedb528:995:72)
    at performUnitOfWork (http://localhost:8080/node_modules/.vite/deps/react-dom_client.js?v=2dedb528:12559:98)
    at workLoopSync (http://localhost:8080/node_modules/.vite/deps/react-dom_client.js?v=2dedb528:12422:43)
    at renderRootSync (http://localhost:8080/node_modules/.vite/deps/react-dom_client.js?v=2dedb528:12406:13)
[  103072ms] [WARNING] %s

%s
 An error occurred in the <WeatherWidget> component. Consider adding an error boundary to your tree to customize error handling behavior.
Visit https://react.dev/link/error-boundaries to learn more about error boundaries. @ http://localhost:8080/node_modules/.vite/deps/react-dom_client.js?v=2dedb528:6963
